Enter configuration commands, one per line.  End with CNTL/Z.
Router(config)#interface GigabitEthernet0/0
Router(config-if)#ip address 10.76.0.1 255.0.0.0
Router(config-if)#no shutdown

Router(config-if)#
%LINK-5-CHANGED: Interface GigabitEthernet0/0, changed state to up

%LINEPROTO-5-UPDOWN: Line protocol on Interface GigabitEthernet0/0, changed state to up

Router(config-if)#exit
Router(config)#
Router(config)#router rip
Router(config-router)#
Router(config-router)#exit
Router(config)#router rip
Router(config-router)#network 11.0.0.0
Router(config-router)#network 192.168.0.0
Router(config-router)#
Router(config-router)#exit
Router(config)#interface GigabitEthernet0/0
Router(config-if)#ip address 11.1.1.1 255.0.0.0
Router(config-if)#
Router(config-if)#exit
Router(config)#interface GigabitEthernet0/0
Router(config-if)#
Router(config-if)#exit
Router(config)#interface GigabitEthernet0/1
Router(config-if)#ip address 192.168.0.1 255.255.255.0
Router(config-if)#no shutdown

Router(config-if)#
%LINK-5-CHANGED: Interface GigabitEthernet0/1, changed state to up

%LINEPROTO-5-UPDOWN: Line protocol on Interface GigabitEthernet0/1, changed state to up

Router(config-if)#exit
Router(config)#router rip
Router(config-router)#
Router(config-router)#exit
Router(config)#interface GigabitEthernet0/0
Router(config-if)#
Router(config-if)#exit
Router(config)#interface GigabitEthernet0/1
Router(config-if)#
Router(config-if)#exit
Router(config)#interface GigabitEthernet0/1
Router(config-if)#
Router(config-if)#exit
Router(config)#interface GigabitEthernet0/1
Router(config-if)#no ip address
Router(config-if)#
Router(config-if)#exit
Router(config)#interface GigabitEthernet0/1
Router(config-if)#
Router(config-if)#exit
Router(config)#interface GigabitEthernet0/1
Router(config-if)#
Router(config-if)#exit
Router(config)#interface GigabitEthernet0/1
Router(config-if)#
Router(config-if)#exit
Router(config)#interface GigabitEthernet0/1
Router(config-if)#
Router(config-if)#exit
Router(config)#interface GigabitEthernet0/1
Router(config-if)#
Router(config-if)#exit
Router(config)#interface GigabitEthernet0/1
Router(config-if)#
Router(config-if)#exit
Router(config)#interface GigabitEthernet0/1
Router(config-if)#
Router(config-if)#exit
Router(config)#interface GigabitEthernet0/1
Router(config-if)#shutdown

Router(config-if)#
%LINK-5-CHANGED: Interface GigabitEthernet0/1, changed state to administratively down

%LINEPROTO-5-UPDOWN: Line protocol on Interface GigabitEthernet0/1, changed state to down

Router(config-if)#exit
Router(config)#interface GigabitEthernet0/1
Router(config-if)#
Router(config-if)#exit
Router(config)#interface GigabitEthernet0/1
Router(config-if)#
Router(config-if)#exit
Router(config)#interface GigabitEthernet0/0
Router(config-if)#
Router(config-if)#exit
Router(config)#interface GigabitEthernet0/1
Router(config-if)#
Router(config-if)#exit
Router(config)#interface GigabitEthernet0/0
Router(config-if)#no ip address
Router(config-if)#
Router(config-if)#exit
Router(config)#interface GigabitEthernet0/1
Router(config-if)#ip address 11.1.1.1 255.0.0.0
Router(config-if)#no shutdown

Router(config-if)#
%LINK-5-CHANGED: Interface GigabitEthernet0/1, changed state to up

%LINEPROTO-5-UPDOWN: Line protocol on Interface GigabitEthernet0/1, changed state to up

Router(config-if)#exit
Router(config)#interface GigabitEthernet0/0
Router(config-if)#ip address 192.168.0.1 255.255.255.0
Router(config-if)#do wr
Building configuration...
[OK]
Router(config-if)#exit
Router(config)#access-list 1 permit 192.168.0.0 0.0.0.255
Router(config)#ip nat pool pool1 11.1.1.9 11.1.1.14 net
Router(config)#ip nat pool pool1 11.1.1.9 11.1.1.14 netmask 255.0.0.0
Router(config)#ip
Router(config)#ip nat inside source list 1 pool1
                                               ^
% Invalid input detected at '^' marker.
	
Router(config)#ip nat inside source list 1 pool ppol1
Router(config)#no ip nat inside source list 1 pool ppol1
Router(config)#ip nat inside source list 1 pool pool1
Router(config)#ip nat inside source list 1 pool pool1 overload
Router(config)#
Router(config)#
Router(config)#
Router(config)#int gig0/0
Router(config-if)#ip nat inside
Router(config-if)#do wr
Building configuration...
[OK]
Router(config-if)#exit
Router(config)#int gig0/1
Router(config-if)#ip nat outside
Router(config-if)#do wr
Building configuration...
[OK]
Router(config-if)#exit
Router(config)#exit
Router#
%SYS-5-CONFIG_I: Configured from console by console

Router#ip nat translation
          ^
% Invalid input detected at '^' marker.
	
Router#3ip nat
Router#ip nat t
Router#ip nat trans
Router#ip nat trans
          ^
% Invalid input detected at '^' marker.
	
Router#show ip nat
Router#show ip nat translation
Router#show ip nat translations 
Pro  Inside global     Inside local       Outside local      Outside global
tcp 11.1.1.9:1025      192.168.0.2:1025   172.16.0.2:80      172.16.0.2:80

Router#show ip nat translations 
Pro  Inside global     Inside local       Outside local      Outside global
icmp 11.1.1.9:2        192.168.0.3:2      172.16.0.2:2       172.16.0.2:2
icmp 11.1.1.9:3        192.168.0.3:3      172.16.0.2:3       172.16.0.2:3
icmp 11.1.1.9:4        192.168.0.3:4      172.16.0.2:4       172.16.0.2:4
icmp 11.1.1.9:5        192.168.0.3:5      172.16.0.2:5       172.16.0.2:5
tcp 11.1.1.9:1025      192.168.0.2:1025   172.16.0.2:80      172.16.0.2:80

Router#








Router con0 is now available
